
> luinbytes-site@0.1.0 test:e2e
> python3 -m unittest discover -s tests/browser -p '*_test.py' -v

test_sitemap_exposes_the_portfolio_and_pip (browser_test.GeneratedArtifactTests.test_sitemap_exposes_the_portfolio_and_pip) ... ok
/usr/local/Cellar/python@3.14/3.14.7/Frameworks/Python.framework/Versions/3.14/lib/python3.14/tempfile.py:484: ResourceWarning: Implicitly cleaning up <HTTPError 500: 'Internal Server Error'>
  _warnings.warn(self.warn_message, ResourceWarning)
setUpClass (browser_test.PipRouteTests) ... ERROR
test_food_drop_reservation_and_feeding (browser_test.PortfolioTests.test_food_drop_reservation_and_feeding) ... ok
test_hero_copy_does_not_block_pointer_water_reaction (browser_test.PortfolioTests.test_hero_copy_does_not_block_pointer_water_reaction) ... ok
test_homepage_is_responsive_and_routes_featured_work (browser_test.PortfolioTests.test_homepage_is_responsive_and_routes_featured_work) ... ok
test_homepage_pip_link_works_without_javascript (browser_test.PortfolioTests.test_homepage_pip_link_works_without_javascript) ... ok
test_homepage_pip_section_fits_320px_with_reduced_motion (browser_test.PortfolioTests.test_homepage_pip_section_fits_320px_with_reduced_motion) ... ok
test_homepage_pip_section_roundtrips_to_pip_and_back (browser_test.PortfolioTests.test_homepage_pip_section_roundtrips_to_pip_and_back) ... ok
test_homepage_preserves_layout_and_world_state_across_viewport_matrix (browser_test.PortfolioTests.test_homepage_preserves_layout_and_world_state_across_viewport_matrix) ... Traceback (most recent call last):
  File "<frozen runpy>", line 203, in _run_module_as_main
  File "<frozen runpy>", line 88, in _run_code
  File "/usr/local/Cellar/python@3.14/3.14.7/Frameworks/Python.framework/Versions/3.14/lib/python3.14/unittest/__main__.py", line 18, in <module>
    main(module=None)
    ~~~~^^^^^^^^^^^^^
  File "/usr/local/Cellar/python@3.14/3.14.7/Frameworks/Python.framework/Versions/3.14/lib/python3.14/unittest/main.py", line 104, in __init__
    self.runTests()
    ~~~~~~~~~~~~~^^
  File "/usr/local/Cellar/python@3.14/3.14.7/Frameworks/Python.framework/Versions/3.14/lib/python3.14/unittest/main.py", line 270, in runTests
    self.result = testRunner.run(self.test)
                  ~~~~~~~~~~~~~~^^^^^^^^^^^
  File "/usr/local/Cellar/python@3.14/3.14.7/Frameworks/Python.framework/Versions/3.14/lib/python3.14/unittest/runner.py", line 257, in run
    test(result)
    ~~~~^^^^^^^^
  File "/usr/local/Cellar/python@3.14/3.14.7/Frameworks/Python.framework/Versions/3.14/lib/python3.14/unittest/suite.py", line 84, in __call__
    return self.run(*args, **kwds)
           ~~~~~~~~^^^^^^^^^^^^^^^
  File "/usr/local/Cellar/python@3.14/3.14.7/Frameworks/Python.framework/Versions/3.14/lib/python3.14/unittest/suite.py", line 122, in run
    test(result)
    ~~~~^^^^^^^^
  File "/usr/local/Cellar/python@3.14/3.14.7/Frameworks/Python.framework/Versions/3.14/lib/python3.14/unittest/suite.py", line 84, in __call__
    return self.run(*args, **kwds)
           ~~~~~~~~^^^^^^^^^^^^^^^
  File "/usr/local/Cellar/python@3.14/3.14.7/Frameworks/Python.framework/Versions/3.14/lib/python3.14/unittest/suite.py", line 122, in run
    test(result)
    ~~~~^^^^^^^^
  File "/usr/local/Cellar/python@3.14/3.14.7/Frameworks/Python.framework/Versions/3.14/lib/python3.14/unittest/suite.py", line 84, in __call__
    return self.run(*args, **kwds)
           ~~~~~~~~^^^^^^^^^^^^^^^
  File "/usr/local/Cellar/python@3.14/3.14.7/Frameworks/Python.framework/Versions/3.14/lib/python3.14/unittest/suite.py", line 122, in run
    test(result)
    ~~~~^^^^^^^^
  File "/usr/local/Cellar/python@3.14/3.14.7/Frameworks/Python.framework/Versions/3.14/lib/python3.14/unittest/case.py", line 725, in __call__
    return self.run(*args, **kwds)
           ~~~~~~~~^^^^^^^^^^^^^^^
  File "/usr/local/Cellar/python@3.14/3.14.7/Frameworks/Python.framework/Versions/3.14/lib/python3.14/unittest/case.py", line 669, in run
    self._callTestMethod(testMethod)
    ~~~~~~~~~~~~~~~~~~~~^^^^^^^^^^^^
  File "/usr/local/Cellar/python@3.14/3.14.7/Frameworks/Python.framework/Versions/3.14/lib/python3.14/unittest/case.py", line 615, in _callTestMethod
    result = method()
  File "/Users/luinbytes/src/luinbytes.dev/tests/browser/browser_test.py", line 936, in test_homepage_preserves_layout_and_world_state_across_viewport_matrix
    page.wait_for_function(
    ~~~~~~~~~~~~~~~~~~~~~~^
        "frame => document.querySelector('[data-pixi-state]')?.dataset.frame !== frame",
        ^^^^^^^^^^^^^^^^^^^^^^^^^^^^^^^^^^^^^^^^^^^^^^^^^^^^^^^^^^^^^^^^^^^^^^^^^^^^^^^^
        arg=previous_frame,
        ^^^^^^^^^^^^^^^^^^^
    )
    ^
  File "/private/tmp/lu-site-verify-20261011/lib/python3.14/site-packages/playwright/sync_api/_generated.py", line 12594, in wait_for_function
    self._sync(
    ~~~~~~~~~~^
        self._impl_obj.wait_for_function(
        ^^^^^^^^^^^^^^^^^^^^^^^^^^^^^^^^^
    ...<4 lines>...
        )
        ^
    )
    ^
  File "/private/tmp/lu-site-verify-20261011/lib/python3.14/site-packages/playwright/_impl/_sync_base.py", line 113, in _sync
    self._dispatcher_fiber.switch()
    ~~~~~~~~~~~~~~~~~~~~~~~~~~~~~^^
  File "/private/tmp/lu-site-verify-20261011/lib/python3.14/site-packages/playwright/sync_api/_context_manager.py", line 56, in greenlet_main
    self._loop.run_until_complete(self._connection.run_as_sync())
    ~~~~~~~~~~~~~~~~~~~~~~~~~~~~~^^^^^^^^^^^^^^^^^^^^^^^^^^^^^^^^
  File "/usr/local/Cellar/python@3.14/3.14.7/Frameworks/Python.framework/Versions/3.14/lib/python3.14/asyncio/base_events.py", line 707, in run_until_complete
    self.run_forever()
    ~~~~~~~~~~~~~~~~^^
  File "/usr/local/Cellar/python@3.14/3.14.7/Frameworks/Python.framework/Versions/3.14/lib/python3.14/asyncio/base_events.py", line 678, in run_forever
    self._run_once()
    ~~~~~~~~~~~~~~^^
  File "/usr/local/Cellar/python@3.14/3.14.7/Frameworks/Python.framework/Versions/3.14/lib/python3.14/asyncio/base_events.py", line 2019, in _run_once
    event_list = self._selector.select(timeout)
  File "/usr/local/Cellar/python@3.14/3.14.7/Frameworks/Python.framework/Versions/3.14/lib/python3.14/selectors.py", line 548, in select
    kev_list = self._selector.control(None, max_ev, timeout)
KeyboardInterrupt
